[     135ms] [INFO] %cDownload the React DevTools for a better development experience: https://reactjs.org/link/react-devtools font-weight:bold @ http://127.0.0.1:5173/node_modules/.vite/deps/chunk-NGODP64W.js?v=0224a641:21550
[    1508ms] [LOG] I0808 20:19:53.824000 1905760 hand_gesture_recognizer_graph.cc:257] Custom gesture classifier is not defined. @ https://cdn.jsdelivr.net/npm/@mediapipe/tasks-vision@0.10.18/wasm/vision_wasm_internal.js:9
[    1567ms] [LOG] I0808 20:19:53.883000 1905760 gl_context.cc:374] GL version: 3.0 (OpenGL ES 3.0 (WebGL 2.0 (OpenGL ES 3.0 Chromium))), renderer: WebKit WebGL @ https://cdn.jsdelivr.net/npm/@mediapipe/tasks-vision@0.10.18/wasm/vision_wasm_internal.js:9
[    1567ms] [WARNING] W0808 20:19:53.883000 1905760 gl_context.cc:1060] OpenGL error checking is disabled @ https://cdn.jsdelivr.net/npm/@mediapipe/tasks-vision@0.10.18/wasm/vision_wasm_internal.js:9
[    1569ms] [LOG] Graph successfully started running. @ https://cdn.jsdelivr.net/npm/@mediapipe/tasks-vision@0.10.18/wasm/vision_wasm_internal.js:9
[    1583ms] [ERROR] INFO: Created TensorFlow Lite XNNPACK delegate for CPU. @ https://cdn.jsdelivr.net/npm/@mediapipe/tasks-vision@0.10.18/wasm/vision_wasm_internal.js:9
[    1603ms] [WARNING] W0808 20:19:53.919000 1905760 inference_feedback_manager.cc:121] Feedback manager requires a model with a single signature inference. Disabling support for feedback tensors. @ https://cdn.jsdelivr.net/npm/@mediapipe/tasks-vision@0.10.18/wasm/vision_wasm_internal.js:9
[    1619ms] [WARNING] W0808 20:19:53.935000 1905760 inference_feedback_manager.cc:121] Feedback manager requires a model with a single signature inference. Disabling support for feedback tensors. @ https://cdn.jsdelivr.net/npm/@mediapipe/tasks-vision@0.10.18/wasm/vision_wasm_internal.js:9
[    1623ms] [WARNING] W0808 20:19:53.938000 1905760 inference_feedback_manager.cc:121] Feedback manager requires a model with a single signature inference. Disabling support for feedback tensors. @ https://cdn.jsdelivr.net/npm/@mediapipe/tasks-vision@0.10.18/wasm/vision_wasm_internal.js:9
[    1624ms] [WARNING] W0808 20:19:53.941000 1905760 inference_feedback_manager.cc:121] Feedback manager requires a model with a single signature inference. Disabling support for feedback tensors. @ https://cdn.jsdelivr.net/npm/@mediapipe/tasks-vision@0.10.18/wasm/vision_wasm_internal.js:9
[    1712ms] [WARNING] W0808 20:19:54.029000 1905760 landmark_projection_calculator.cc:189] Using NORM_RECT without IMAGE_DIMENSIONS is only supported for the square ROI. Provide IMAGE_DIMENSIONS or use PROJECTION_MATRIX. @ https://cdn.jsdelivr.net/npm/@mediapipe/tasks-vision@0.10.18/wasm/vision_wasm_internal.js:9
[    9487ms] [INFO] %cDownload the React DevTools for a better development experience: https://reactjs.org/link/react-devtools font-weight:bold @ http://127.0.0.1:5173/node_modules/.vite/deps/chunk-NGODP64W.js?v=0224a641:21550
[   10628ms] [LOG] I0808 20:20:02.944000 1905760 hand_gesture_recognizer_graph.cc:257] Custom gesture classifier is not defined. @ https://cdn.jsdelivr.net/npm/@mediapipe/tasks-vision@0.10.18/wasm/vision_wasm_internal.js:9
[   10651ms] [LOG] I0808 20:20:02.967000 1905760 gl_context.cc:374] GL version: 3.0 (OpenGL ES 3.0 (WebGL 2.0 (OpenGL ES 3.0 Chromium))), renderer: WebKit WebGL @ https://cdn.jsdelivr.net/npm/@mediapipe/tasks-vision@0.10.18/wasm/vision_wasm_internal.js:9
[   10651ms] [WARNING] W0808 20:20:02.967000 1905760 gl_context.cc:1060] OpenGL error checking is disabled @ https://cdn.jsdelivr.net/npm/@mediapipe/tasks-vision@0.10.18/wasm/vision_wasm_internal.js:9
[   10651ms] [LOG] Graph successfully started running. @ https://cdn.jsdelivr.net/npm/@mediapipe/tasks-vision@0.10.18/wasm/vision_wasm_internal.js:9
[   10655ms] [ERROR] INFO: Created TensorFlow Lite XNNPACK delegate for CPU. @ https://cdn.jsdelivr.net/npm/@mediapipe/tasks-vision@0.10.18/wasm/vision_wasm_internal.js:9
[   10662ms] [WARNING] W0808 20:20:02.978000 1905760 inference_feedback_manager.cc:121] Feedback manager requires a model with a single signature inference. Disabling support for feedback tensors. @ https://cdn.jsdelivr.net/npm/@mediapipe/tasks-vision@0.10.18/wasm/vision_wasm_internal.js:9
[   10675ms] [WARNING] W0808 20:20:02.991000 1905760 inference_feedback_manager.cc:121] Feedback manager requires a model with a single signature inference. Disabling support for feedback tensors. @ https://cdn.jsdelivr.net/npm/@mediapipe/tasks-vision@0.10.18/wasm/vision_wasm_internal.js:9
[   10675ms] [WARNING] W0808 20:20:02.992000 1905760 inference_feedback_manager.cc:121] Feedback manager requires a model with a single signature inference. Disabling support for feedback tensors. @ https://cdn.jsdelivr.net/npm/@mediapipe/tasks-vision@0.10.18/wasm/vision_wasm_internal.js:9
[   10676ms] [WARNING] W0808 20:20:02.992000 1905760 inference_feedback_manager.cc:121] Feedback manager requires a model with a single signature inference. Disabling support for feedback tensors. @ https://cdn.jsdelivr.net/npm/@mediapipe/tasks-vision@0.10.18/wasm/vision_wasm_internal.js:9
[   10712ms] [WARNING] W0808 20:20:03.028000 1905760 landmark_projection_calculator.cc:189] Using NORM_RECT without IMAGE_DIMENSIONS is only supported for the square ROI. Provide IMAGE_DIMENSIONS or use PROJECTION_MATRIX. @ https://cdn.jsdelivr.net/npm/@mediapipe/tasks-vision@0.10.18/wasm/vision_wasm_internal.js:9
[   48116ms] [INFO] %cDownload the React DevTools for a better development experience: https://reactjs.org/link/react-devtools font-weight:bold @ http://127.0.0.1:5173/node_modules/.vite/deps/chunk-NGODP64W.js?v=0224a641:21550
[   49234ms] [LOG] I0808 20:20:41.551000 1905760 hand_gesture_recognizer_graph.cc:257] Custom gesture classifier is not defined. @ https://cdn.jsdelivr.net/npm/@mediapipe/tasks-vision@0.10.18/wasm/vision_wasm_internal.js:9
[   49260ms] [LOG] I0808 20:20:41.576000 1905760 gl_context.cc:374] GL version: 3.0 (OpenGL ES 3.0 (WebGL 2.0 (OpenGL ES 3.0 Chromium))), renderer: WebKit WebGL @ https://cdn.jsdelivr.net/npm/@mediapipe/tasks-vision@0.10.18/wasm/vision_wasm_internal.js:9
[   49260ms] [WARNING] W0808 20:20:41.576000 1905760 gl_context.cc:1060] OpenGL error checking is disabled @ https://cdn.jsdelivr.net/npm/@mediapipe/tasks-vision@0.10.18/wasm/vision_wasm_internal.js:9
[   49260ms] [LOG] Graph successfully started running. @ https://cdn.jsdelivr.net/npm/@mediapipe/tasks-vision@0.10.18/wasm/vision_wasm_internal.js:9
[   49266ms] [ERROR] INFO: Created TensorFlow Lite XNNPACK delegate for CPU. @ https://cdn.jsdelivr.net/npm/@mediapipe/tasks-vision@0.10.18/wasm/vision_wasm_internal.js:9
[   49272ms] [WARNING] W0808 20:20:41.588000 1905760 inference_feedback_manager.cc:121] Feedback manager requires a model with a single signature inference. Disabling support for feedback tensors. @ https://cdn.jsdelivr.net/npm/@mediapipe/tasks-vision@0.10.18/wasm/vision_wasm_internal.js:9
[   49285ms] [WARNING] W0808 20:20:41.601000 1905760 inference_feedback_manager.cc:121] Feedback manager requires a model with a single signature inference. Disabling support for feedback tensors. @ https://cdn.jsdelivr.net/npm/@mediapipe/tasks-vision@0.10.18/wasm/vision_wasm_internal.js:9
[   49286ms] [WARNING] W0808 20:20:41.602000 1905760 inference_feedback_manager.cc:121] Feedback manager requires a model with a single signature inference. Disabling support for feedback tensors. @ https://cdn.jsdelivr.net/npm/@mediapipe/tasks-vision@0.10.18/wasm/vision_wasm_internal.js:9
[   49286ms] [WARNING] W0808 20:20:41.602000 1905760 inference_feedback_manager.cc:121] Feedback manager requires a model with a single signature inference. Disabling support for feedback tensors. @ https://cdn.jsdelivr.net/npm/@mediapipe/tasks-vision@0.10.18/wasm/vision_wasm_internal.js:9
[   49322ms] [WARNING] W0808 20:20:41.639000 1905760 landmark_projection_calculator.cc:189] Using NORM_RECT without IMAGE_DIMENSIONS is only supported for the square ROI. Provide IMAGE_DIMENSIONS or use PROJECTION_MATRIX. @ https://cdn.jsdelivr.net/npm/@mediapipe/tasks-vision@0.10.18/wasm/vision_wasm_internal.js:9
[   59671ms] [INFO] %cDownload the React DevTools for a better development experience: https://reactjs.org/link/react-devtools font-weight:bold @ http://127.0.0.1:5173/node_modules/.vite/deps/chunk-NGODP64W.js?v=0224a641:21550
[   60820ms] [LOG] I0808 20:20:53.136000 1905760 hand_gesture_recognizer_graph.cc:257] Custom gesture classifier is not defined. @ https://cdn.jsdelivr.net/npm/@mediapipe/tasks-vision@0.10.18/wasm/vision_wasm_internal.js:9
[   60843ms] [LOG] I0808 20:20:53.159000 1905760 gl_context.cc:374] GL version: 3.0 (OpenGL ES 3.0 (WebGL 2.0 (OpenGL ES 3.0 Chromium))), renderer: WebKit WebGL @ https://cdn.jsdelivr.net/npm/@mediapipe/tasks-vision@0.10.18/wasm/vision_wasm_internal.js:9
[   60843ms] [WARNING] W0808 20:20:53.159000 1905760 gl_context.cc:1060] OpenGL error checking is disabled @ https://cdn.jsdelivr.net/npm/@mediapipe/tasks-vision@0.10.18/wasm/vision_wasm_internal.js:9
[   60843ms] [LOG] Graph successfully started running. @ https://cdn.jsdelivr.net/npm/@mediapipe/tasks-vision@0.10.18/wasm/vision_wasm_internal.js:9
[   60848ms] [ERROR] INFO: Created TensorFlow Lite XNNPACK delegate for CPU. @ https://cdn.jsdelivr.net/npm/@mediapipe/tasks-vision@0.10.18/wasm/vision_wasm_internal.js:9
[   60853ms] [WARNING] W0808 20:20:53.169000 1905760 inference_feedback_manager.cc:121] Feedback manager requires a model with a single signature inference. Disabling support for feedback tensors. @ https://cdn.jsdelivr.net/npm/@mediapipe/tasks-vision@0.10.18/wasm/vision_wasm_internal.js:9
[   60866ms] [WARNING] W0808 20:20:53.182000 1905760 inference_feedback_manager.cc:121] Feedback manager requires a model with a single signature inference. Disabling support for feedback tensors. @ https://cdn.jsdelivr.net/npm/@mediapipe/tasks-vision@0.10.18/wasm/vision_wasm_internal.js:9
[   60866ms] [WARNING] W0808 20:20:53.183000 1905760 inference_feedback_manager.cc:121] Feedback manager requires a model with a single signature inference. Disabling support for feedback tensors. @ https://cdn.jsdelivr.net/npm/@mediapipe/tasks-vision@0.10.18/wasm/vision_wasm_internal.js:9
[   60866ms] [WARNING] W0808 20:20:53.183000 1905760 inference_feedback_manager.cc:121] Feedback manager requires a model with a single signature inference. Disabling support for feedback tensors. @ https://cdn.jsdelivr.net/npm/@mediapipe/tasks-vision@0.10.18/wasm/vision_wasm_internal.js:9
[   60921ms] [WARNING] W0808 20:20:53.237000 1905760 landmark_projection_calculator.cc:189] Using NORM_RECT without IMAGE_DIMENSIONS is only supported for the square ROI. Provide IMAGE_DIMENSIONS or use PROJECTION_MATRIX. @ https://cdn.jsdelivr.net/npm/@mediapipe/tasks-vision@0.10.18/wasm/vision_wasm_internal.js:9
