[      87ms] [INFO] %cDownload the React DevTools for a better development experience: https://reactjs.org/link/react-devtools font-weight:bold @ http://localhost:5173/node_modules/.vite/deps/chunk-NGODP64W.js?v=b11d8cdd:21550
[     880ms] [ERROR] Failed to load resource: the server responded with a status of 404 (Not Found) @ http://localhost:5173/favicon.ico:0
[   19700ms] [LOG] I0808 20:11:19.622000 1905760 hand_gesture_recognizer_graph.cc:257] Custom gesture classifier is not defined. @ https://cdn.jsdelivr.net/npm/@mediapipe/tasks-vision@0.10.18/wasm/vision_wasm_internal.js:9
[   19734ms] [LOG] I0808 20:11:19.656000 1905760 gl_context.cc:374] GL version: 3.0 (OpenGL ES 3.0 (WebGL 2.0 (OpenGL ES 3.0 Chromium))), renderer: WebKit WebGL @ https://cdn.jsdelivr.net/npm/@mediapipe/tasks-vision@0.10.18/wasm/vision_wasm_internal.js:9
[   19734ms] [WARNING] W0808 20:11:19.656000 1905760 gl_context.cc:1060] OpenGL error checking is disabled @ https://cdn.jsdelivr.net/npm/@mediapipe/tasks-vision@0.10.18/wasm/vision_wasm_internal.js:9
[   19736ms] [LOG] Graph successfully started running. @ https://cdn.jsdelivr.net/npm/@mediapipe/tasks-vision@0.10.18/wasm/vision_wasm_internal.js:9
[   19753ms] [ERROR] INFO: Created TensorFlow Lite XNNPACK delegate for CPU. @ https://cdn.jsdelivr.net/npm/@mediapipe/tasks-vision@0.10.18/wasm/vision_wasm_internal.js:9
[   19770ms] [WARNING] W0808 20:11:19.692000 1905760 inference_feedback_manager.cc:121] Feedback manager requires a model with a single signature inference. Disabling support for feedback tensors. @ https://cdn.jsdelivr.net/npm/@mediapipe/tasks-vision@0.10.18/wasm/vision_wasm_internal.js:9
[   19788ms] [WARNING] W0808 20:11:19.710000 1905760 inference_feedback_manager.cc:121] Feedback manager requires a model with a single signature inference. Disabling support for feedback tensors. @ https://cdn.jsdelivr.net/npm/@mediapipe/tasks-vision@0.10.18/wasm/vision_wasm_internal.js:9
[   19790ms] [WARNING] W0808 20:11:19.713000 1905760 inference_feedback_manager.cc:121] Feedback manager requires a model with a single signature inference. Disabling support for feedback tensors. @ https://cdn.jsdelivr.net/npm/@mediapipe/tasks-vision@0.10.18/wasm/vision_wasm_internal.js:9
[   19791ms] [WARNING] W0808 20:11:19.713000 1905760 inference_feedback_manager.cc:121] Feedback manager requires a model with a single signature inference. Disabling support for feedback tensors. @ https://cdn.jsdelivr.net/npm/@mediapipe/tasks-vision@0.10.18/wasm/vision_wasm_internal.js:9
[   19868ms] [WARNING] W0808 20:11:19.790000 1905760 landmark_projection_calculator.cc:189] Using NORM_RECT without IMAGE_DIMENSIONS is only supported for the square ROI. Provide IMAGE_DIMENSIONS or use PROJECTION_MATRIX. @ https://cdn.jsdelivr.net/npm/@mediapipe/tasks-vision@0.10.18/wasm/vision_wasm_internal.js:9
[  358403ms] [LOG] Graph finished closing successfully. @ https://cdn.jsdelivr.net/npm/@mediapipe/tasks-vision@0.10.18/wasm/vision_wasm_internal.js:9
[  358405ms] [LOG] I0808 20:16:58.327000 1905760 gl_context_webgl.cc:140] Successfully destroyed WebGL context with handle 1 @ https://cdn.jsdelivr.net/npm/@mediapipe/tasks-vision@0.10.18/wasm/vision_wasm_internal.js:9
[  358761ms] [LOG] I0808 20:16:58.682000 1905760 hand_gesture_recognizer_graph.cc:257] Custom gesture classifier is not defined. @ https://cdn.jsdelivr.net/npm/@mediapipe/tasks-vision@0.10.18/wasm/vision_wasm_internal.js:9
[  358817ms] [LOG] I0808 20:16:58.738000 1905760 gl_context.cc:374] GL version: 3.0 (OpenGL ES 3.0 (WebGL 2.0 (OpenGL ES 3.0 Chromium))), renderer: WebKit WebGL @ https://cdn.jsdelivr.net/npm/@mediapipe/tasks-vision@0.10.18/wasm/vision_wasm_internal.js:9
[  358817ms] [WARNING] W0808 20:16:58.740000 1905760 gl_context.cc:1060] OpenGL error checking is disabled @ https://cdn.jsdelivr.net/npm/@mediapipe/tasks-vision@0.10.18/wasm/vision_wasm_internal.js:9
[  358821ms] [LOG] Graph successfully started running. @ https://cdn.jsdelivr.net/npm/@mediapipe/tasks-vision@0.10.18/wasm/vision_wasm_internal.js:9
[  358837ms] [ERROR] INFO: Created TensorFlow Lite XNNPACK delegate for CPU. @ https://cdn.jsdelivr.net/npm/@mediapipe/tasks-vision@0.10.18/wasm/vision_wasm_internal.js:9
[  358865ms] [WARNING] W0808 20:16:58.788000 1905760 inference_feedback_manager.cc:121] Feedback manager requires a model with a single signature inference. Disabling support for feedback tensors. @ https://cdn.jsdelivr.net/npm/@mediapipe/tasks-vision@0.10.18/wasm/vision_wasm_internal.js:9
[  358898ms] [WARNING] W0808 20:16:58.820000 1905760 inference_feedback_manager.cc:121] Feedback manager requires a model with a single signature inference. Disabling support for feedback tensors. @ https://cdn.jsdelivr.net/npm/@mediapipe/tasks-vision@0.10.18/wasm/vision_wasm_internal.js:9
[  358901ms] [WARNING] W0808 20:16:58.823000 1905760 inference_feedback_manager.cc:121] Feedback manager requires a model with a single signature inference. Disabling support for feedback tensors. @ https://cdn.jsdelivr.net/npm/@mediapipe/tasks-vision@0.10.18/wasm/vision_wasm_internal.js:9
[  358902ms] [WARNING] W0808 20:16:58.824000 1905760 inference_feedback_manager.cc:121] Feedback manager requires a model with a single signature inference. Disabling support for feedback tensors. @ https://cdn.jsdelivr.net/npm/@mediapipe/tasks-vision@0.10.18/wasm/vision_wasm_internal.js:9
[  358985ms] [WARNING] W0808 20:16:58.907000 1905760 landmark_projection_calculator.cc:189] Using NORM_RECT without IMAGE_DIMENSIONS is only supported for the square ROI. Provide IMAGE_DIMENSIONS or use PROJECTION_MATRIX. @ https://cdn.jsdelivr.net/npm/@mediapipe/tasks-vision@0.10.18/wasm/vision_wasm_internal.js:9
[  360924ms] [LOG] Graph finished closing successfully. @ https://cdn.jsdelivr.net/npm/@mediapipe/tasks-vision@0.10.18/wasm/vision_wasm_internal.js:9
[  360927ms] [LOG] I0808 20:17:00.849000 1905760 gl_context_webgl.cc:140] Successfully destroyed WebGL context with handle 1 @ https://cdn.jsdelivr.net/npm/@mediapipe/tasks-vision@0.10.18/wasm/vision_wasm_internal.js:9
[  361130ms] [LOG] I0808 20:17:01.052000 1905760 hand_gesture_recognizer_graph.cc:257] Custom gesture classifier is not defined. @ https://cdn.jsdelivr.net/npm/@mediapipe/tasks-vision@0.10.18/wasm/vision_wasm_internal.js:9
[  361166ms] [LOG] I0808 20:17:01.088000 1905760 gl_context.cc:374] GL version: 3.0 (OpenGL ES 3.0 (WebGL 2.0 (OpenGL ES 3.0 Chromium))), renderer: WebKit WebGL @ https://cdn.jsdelivr.net/npm/@mediapipe/tasks-vision@0.10.18/wasm/vision_wasm_internal.js:9
[  361167ms] [WARNING] W0808 20:17:01.090000 1905760 gl_context.cc:1060] OpenGL error checking is disabled @ https://cdn.jsdelivr.net/npm/@mediapipe/tasks-vision@0.10.18/wasm/vision_wasm_internal.js:9
[  361168ms] [LOG] Graph successfully started running. @ https://cdn.jsdelivr.net/npm/@mediapipe/tasks-vision@0.10.18/wasm/vision_wasm_internal.js:9
[  361173ms] [ERROR] INFO: Created TensorFlow Lite XNNPACK delegate for CPU. @ https://cdn.jsdelivr.net/npm/@mediapipe/tasks-vision@0.10.18/wasm/vision_wasm_internal.js:9
[  361187ms] [WARNING] W0808 20:17:01.110000 1905760 inference_feedback_manager.cc:121] Feedback manager requires a model with a single signature inference. Disabling support for feedback tensors. @ https://cdn.jsdelivr.net/npm/@mediapipe/tasks-vision@0.10.18/wasm/vision_wasm_internal.js:9
[  361209ms] [WARNING] W0808 20:17:01.132000 1905760 inference_feedback_manager.cc:121] Feedback manager requires a model with a single signature inference. Disabling support for feedback tensors. @ https://cdn.jsdelivr.net/npm/@mediapipe/tasks-vision@0.10.18/wasm/vision_wasm_internal.js:9
[  361210ms] [WARNING] W0808 20:17:01.133000 1905760 inference_feedback_manager.cc:121] Feedback manager requires a model with a single signature inference. Disabling support for feedback tensors. @ https://cdn.jsdelivr.net/npm/@mediapipe/tasks-vision@0.10.18/wasm/vision_wasm_internal.js:9
[  361211ms] [WARNING] W0808 20:17:01.133000 1905760 inference_feedback_manager.cc:121] Feedback manager requires a model with a single signature inference. Disabling support for feedback tensors. @ https://cdn.jsdelivr.net/npm/@mediapipe/tasks-vision@0.10.18/wasm/vision_wasm_internal.js:9
[  361268ms] [WARNING] W0808 20:17:01.189000 1905760 landmark_projection_calculator.cc:189] Using NORM_RECT without IMAGE_DIMENSIONS is only supported for the square ROI. Provide IMAGE_DIMENSIONS or use PROJECTION_MATRIX. @ https://cdn.jsdelivr.net/npm/@mediapipe/tasks-vision@0.10.18/wasm/vision_wasm_internal.js:9
[  364165ms] [LOG] Graph finished closing successfully. @ https://cdn.jsdelivr.net/npm/@mediapipe/tasks-vision@0.10.18/wasm/vision_wasm_internal.js:9
[  364166ms] [LOG] I0808 20:17:04.088000 1905760 gl_context_webgl.cc:140] Successfully destroyed WebGL context with handle 1 @ https://cdn.jsdelivr.net/npm/@mediapipe/tasks-vision@0.10.18/wasm/vision_wasm_internal.js:9
[  364389ms] [LOG] I0808 20:17:04.311000 1905760 hand_gesture_recognizer_graph.cc:257] Custom gesture classifier is not defined. @ https://cdn.jsdelivr.net/npm/@mediapipe/tasks-vision@0.10.18/wasm/vision_wasm_internal.js:9
[  364426ms] [LOG] I0808 20:17:04.349000 1905760 gl_context.cc:374] GL version: 3.0 (OpenGL ES 3.0 (WebGL 2.0 (OpenGL ES 3.0 Chromium))), renderer: WebKit WebGL @ https://cdn.jsdelivr.net/npm/@mediapipe/tasks-vision@0.10.18/wasm/vision_wasm_internal.js:9
[  364427ms] [WARNING] W0808 20:17:04.349000 1905760 gl_context.cc:1060] OpenGL error checking is disabled @ https://cdn.jsdelivr.net/npm/@mediapipe/tasks-vision@0.10.18/wasm/vision_wasm_internal.js:9
[  364428ms] [LOG] Graph successfully started running. @ https://cdn.jsdelivr.net/npm/@mediapipe/tasks-vision@0.10.18/wasm/vision_wasm_internal.js:9
[  364433ms] [ERROR] INFO: Created TensorFlow Lite XNNPACK delegate for CPU. @ https://cdn.jsdelivr.net/npm/@mediapipe/tasks-vision@0.10.18/wasm/vision_wasm_internal.js:9
[  364446ms] [WARNING] W0808 20:17:04.368000 1905760 inference_feedback_manager.cc:121] Feedback manager requires a model with a single signature inference. Disabling support for feedback tensors. @ https://cdn.jsdelivr.net/npm/@mediapipe/tasks-vision@0.10.18/wasm/vision_wasm_internal.js:9
[  364467ms] [WARNING] W0808 20:17:04.389000 1905760 inference_feedback_manager.cc:121] Feedback manager requires a model with a single signature inference. Disabling support for feedback tensors. @ https://cdn.jsdelivr.net/npm/@mediapipe/tasks-vision@0.10.18/wasm/vision_wasm_internal.js:9
[  364468ms] [WARNING] W0808 20:17:04.391000 1905760 inference_feedback_manager.cc:121] Feedback manager requires a model with a single signature inference. Disabling support for feedback tensors. @ https://cdn.jsdelivr.net/npm/@mediapipe/tasks-vision@0.10.18/wasm/vision_wasm_internal.js:9
[  364469ms] [WARNING] W0808 20:17:04.391000 1905760 inference_feedback_manager.cc:121] Feedback manager requires a model with a single signature inference. Disabling support for feedback tensors. @ https://cdn.jsdelivr.net/npm/@mediapipe/tasks-vision@0.10.18/wasm/vision_wasm_internal.js:9
[  364523ms] [WARNING] W0808 20:17:04.446000 1905760 landmark_projection_calculator.cc:189] Using NORM_RECT without IMAGE_DIMENSIONS is only supported for the square ROI. Provide IMAGE_DIMENSIONS or use PROJECTION_MATRIX. @ https://cdn.jsdelivr.net/npm/@mediapipe/tasks-vision@0.10.18/wasm/vision_wasm_internal.js:9
[  367518ms] [LOG] Graph finished closing successfully. @ https://cdn.jsdelivr.net/npm/@mediapipe/tasks-vision@0.10.18/wasm/vision_wasm_internal.js:9
[  367519ms] [LOG] I0808 20:17:07.442000 1905760 gl_context_webgl.cc:140] Successfully destroyed WebGL context with handle 1 @ https://cdn.jsdelivr.net/npm/@mediapipe/tasks-vision@0.10.18/wasm/vision_wasm_internal.js:9
[  367791ms] [LOG] I0808 20:17:07.713000 1905760 hand_gesture_recognizer_graph.cc:257] Custom gesture classifier is not defined. @ https://cdn.jsdelivr.net/npm/@mediapipe/tasks-vision@0.10.18/wasm/vision_wasm_internal.js:9
[  367845ms] [LOG] I0808 20:17:07.767000 1905760 gl_context.cc:374] GL version: 3.0 (OpenGL ES 3.0 (WebGL 2.0 (OpenGL ES 3.0 Chromium))), renderer: WebKit WebGL @ https://cdn.jsdelivr.net/npm/@mediapipe/tasks-vision@0.10.18/wasm/vision_wasm_internal.js:9
[  367846ms] [WARNING] W0808 20:17:07.769000 1905760 gl_context.cc:1060] OpenGL error checking is disabled @ https://cdn.jsdelivr.net/npm/@mediapipe/tasks-vision@0.10.18/wasm/vision_wasm_internal.js:9
[  367849ms] [LOG] Graph successfully started running. @ https://cdn.jsdelivr.net/npm/@mediapipe/tasks-vision@0.10.18/wasm/vision_wasm_internal.js:9
[  367863ms] [ERROR] INFO: Created TensorFlow Lite XNNPACK delegate for CPU. @ https://cdn.jsdelivr.net/npm/@mediapipe/tasks-vision@0.10.18/wasm/vision_wasm_internal.js:9
[  367893ms] [WARNING] W0808 20:17:07.815000 1905760 inference_feedback_manager.cc:121] Feedback manager requires a model with a single signature inference. Disabling support for feedback tensors. @ https://cdn.jsdelivr.net/npm/@mediapipe/tasks-vision@0.10.18/wasm/vision_wasm_internal.js:9
[  367924ms] [WARNING] W0808 20:17:07.846000 1905760 inference_feedback_manager.cc:121] Feedback manager requires a model with a single signature inference. Disabling support for feedback tensors. @ https://cdn.jsdelivr.net/npm/@mediapipe/tasks-vision@0.10.18/wasm/vision_wasm_internal.js:9
[  367926ms] [WARNING] W0808 20:17:07.849000 1905760 inference_feedback_manager.cc:121] Feedback manager requires a model with a single signature inference. Disabling support for feedback tensors. @ https://cdn.jsdelivr.net/npm/@mediapipe/tasks-vision@0.10.18/wasm/vision_wasm_internal.js:9
[  367927ms] [WARNING] W0808 20:17:07.849000 1905760 inference_feedback_manager.cc:121] Feedback manager requires a model with a single signature inference. Disabling support for feedback tensors. @ https://cdn.jsdelivr.net/npm/@mediapipe/tasks-vision@0.10.18/wasm/vision_wasm_internal.js:9
[  368013ms] [WARNING] W0808 20:17:07.935000 1905760 landmark_projection_calculator.cc:189] Using NORM_RECT without IMAGE_DIMENSIONS is only supported for the square ROI. Provide IMAGE_DIMENSIONS or use PROJECTION_MATRIX. @ https://cdn.jsdelivr.net/npm/@mediapipe/tasks-vision@0.10.18/wasm/vision_wasm_internal.js:9
[  372067ms] [LOG] Graph finished closing successfully. @ https://cdn.jsdelivr.net/npm/@mediapipe/tasks-vision@0.10.18/wasm/vision_wasm_internal.js:9
[  372069ms] [LOG] I0808 20:17:11.991000 1905760 gl_context_webgl.cc:140] Successfully destroyed WebGL context with handle 1 @ https://cdn.jsdelivr.net/npm/@mediapipe/tasks-vision@0.10.18/wasm/vision_wasm_internal.js:9
[  372263ms] [LOG] I0808 20:17:12.186000 1905760 hand_gesture_recognizer_graph.cc:257] Custom gesture classifier is not defined. @ https://cdn.jsdelivr.net/npm/@mediapipe/tasks-vision@0.10.18/wasm/vision_wasm_internal.js:9
[  372297ms] [LOG] I0808 20:17:12.220000 1905760 gl_context.cc:374] GL version: 3.0 (OpenGL ES 3.0 (WebGL 2.0 (OpenGL ES 3.0 Chromium))), renderer: WebKit WebGL @ https://cdn.jsdelivr.net/npm/@mediapipe/tasks-vision@0.10.18/wasm/vision_wasm_internal.js:9
[  372298ms] [WARNING] W0808 20:17:12.220000 1905760 gl_context.cc:1060] OpenGL error checking is disabled @ https://cdn.jsdelivr.net/npm/@mediapipe/tasks-vision@0.10.18/wasm/vision_wasm_internal.js:9
[  372299ms] [LOG] Graph successfully started running. @ https://cdn.jsdelivr.net/npm/@mediapipe/tasks-vision@0.10.18/wasm/vision_wasm_internal.js:9
[  372304ms] [ERROR] INFO: Created TensorFlow Lite XNNPACK delegate for CPU. @ https://cdn.jsdelivr.net/npm/@mediapipe/tasks-vision@0.10.18/wasm/vision_wasm_internal.js:9
[  372315ms] [WARNING] W0808 20:17:12.237000 1905760 inference_feedback_manager.cc:121] Feedback manager requires a model with a single signature inference. Disabling support for feedback tensors. @ https://cdn.jsdelivr.net/npm/@mediapipe/tasks-vision@0.10.18/wasm/vision_wasm_internal.js:9
[  372336ms] [WARNING] W0808 20:17:12.259000 1905760 inference_feedback_manager.cc:121] Feedback manager requires a model with a single signature inference. Disabling support for feedback tensors. @ https://cdn.jsdelivr.net/npm/@mediapipe/tasks-vision@0.10.18/wasm/vision_wasm_internal.js:9
[  372345ms] [WARNING] W0808 20:17:12.268000 1905760 inference_feedback_manager.cc:121] Feedback manager requires a model with a single signature inference. Disabling support for feedback tensors. @ https://cdn.jsdelivr.net/npm/@mediapipe/tasks-vision@0.10.18/wasm/vision_wasm_internal.js:9
[  372346ms] [WARNING] W0808 20:17:12.268000 1905760 inference_feedback_manager.cc:121] Feedback manager requires a model with a single signature inference. Disabling support for feedback tensors. @ https://cdn.jsdelivr.net/npm/@mediapipe/tasks-vision@0.10.18/wasm/vision_wasm_internal.js:9
[  372408ms] [WARNING] W0808 20:17:12.330000 1905760 landmark_projection_calculator.cc:189] Using NORM_RECT without IMAGE_DIMENSIONS is only supported for the square ROI. Provide IMAGE_DIMENSIONS or use PROJECTION_MATRIX. @ https://cdn.jsdelivr.net/npm/@mediapipe/tasks-vision@0.10.18/wasm/vision_wasm_internal.js:9
