[     113ms] [INFO] %cDownload the React DevTools for a better development experience: https://reactjs.org/link/react-devtools font-weight:bold @ http://127.0.0.1:5173/node_modules/.vite/deps/chunk-NGODP64W.js?v=0224a641:21550
[     249ms] [ERROR] Failed to load resource: the server responded with a status of 404 (Not Found) @ http://127.0.0.1:5173/favicon.ico:0
[    4746ms] [LOG] I0808 20:18:34.180000 1905760 hand_gesture_recognizer_graph.cc:257] Custom gesture classifier is not defined. @ https://cdn.jsdelivr.net/npm/@mediapipe/tasks-vision@0.10.18/wasm/vision_wasm_internal.js:9
[    4779ms] [LOG] I0808 20:18:34.213000 1905760 gl_context.cc:374] GL version: 3.0 (OpenGL ES 3.0 (WebGL 2.0 (OpenGL ES 3.0 Chromium))), renderer: WebKit WebGL @ https://cdn.jsdelivr.net/npm/@mediapipe/tasks-vision@0.10.18/wasm/vision_wasm_internal.js:9
[    4780ms] [WARNING] W0808 20:18:34.214000 1905760 gl_context.cc:1060] OpenGL error checking is disabled @ https://cdn.jsdelivr.net/npm/@mediapipe/tasks-vision@0.10.18/wasm/vision_wasm_internal.js:9
[    4782ms] [LOG] Graph successfully started running. @ https://cdn.jsdelivr.net/npm/@mediapipe/tasks-vision@0.10.18/wasm/vision_wasm_internal.js:9
[    4795ms] [ERROR] INFO: Created TensorFlow Lite XNNPACK delegate for CPU. @ https://cdn.jsdelivr.net/npm/@mediapipe/tasks-vision@0.10.18/wasm/vision_wasm_internal.js:9
[    4813ms] [WARNING] W0808 20:18:34.247000 1905760 inference_feedback_manager.cc:121] Feedback manager requires a model with a single signature inference. Disabling support for feedback tensors. @ https://cdn.jsdelivr.net/npm/@mediapipe/tasks-vision@0.10.18/wasm/vision_wasm_internal.js:9
[    4831ms] [WARNING] W0808 20:18:34.265000 1905760 inference_feedback_manager.cc:121] Feedback manager requires a model with a single signature inference. Disabling support for feedback tensors. @ https://cdn.jsdelivr.net/npm/@mediapipe/tasks-vision@0.10.18/wasm/vision_wasm_internal.js:9
[    4834ms] [WARNING] W0808 20:18:34.268000 1905760 inference_feedback_manager.cc:121] Feedback manager requires a model with a single signature inference. Disabling support for feedback tensors. @ https://cdn.jsdelivr.net/npm/@mediapipe/tasks-vision@0.10.18/wasm/vision_wasm_internal.js:9
[    4835ms] [WARNING] W0808 20:18:34.269000 1905760 inference_feedback_manager.cc:121] Feedback manager requires a model with a single signature inference. Disabling support for feedback tensors. @ https://cdn.jsdelivr.net/npm/@mediapipe/tasks-vision@0.10.18/wasm/vision_wasm_internal.js:9
[    4887ms] [WARNING] W0808 20:18:34.321000 1905760 landmark_projection_calculator.cc:189] Using NORM_RECT without IMAGE_DIMENSIONS is only supported for the square ROI. Provide IMAGE_DIMENSIONS or use PROJECTION_MATRIX. @ https://cdn.jsdelivr.net/npm/@mediapipe/tasks-vision@0.10.18/wasm/vision_wasm_internal.js:9
[   31645ms] [LOG] Graph finished closing successfully. @ https://cdn.jsdelivr.net/npm/@mediapipe/tasks-vision@0.10.18/wasm/vision_wasm_internal.js:9
[   31647ms] [LOG] I0808 20:19:01.081000 1905760 gl_context_webgl.cc:140] Successfully destroyed WebGL context with handle 1 @ https://cdn.jsdelivr.net/npm/@mediapipe/tasks-vision@0.10.18/wasm/vision_wasm_internal.js:9
[   31829ms] [LOG] I0808 20:19:01.263000 1905760 hand_gesture_recognizer_graph.cc:257] Custom gesture classifier is not defined. @ https://cdn.jsdelivr.net/npm/@mediapipe/tasks-vision@0.10.18/wasm/vision_wasm_internal.js:9
[   31863ms] [LOG] I0808 20:19:01.297000 1905760 gl_context.cc:374] GL version: 3.0 (OpenGL ES 3.0 (WebGL 2.0 (OpenGL ES 3.0 Chromium))), renderer: WebKit WebGL @ https://cdn.jsdelivr.net/npm/@mediapipe/tasks-vision@0.10.18/wasm/vision_wasm_internal.js:9
[   31863ms] [WARNING] W0808 20:19:01.297000 1905760 gl_context.cc:1060] OpenGL error checking is disabled @ https://cdn.jsdelivr.net/npm/@mediapipe/tasks-vision@0.10.18/wasm/vision_wasm_internal.js:9
[   31865ms] [LOG] Graph successfully started running. @ https://cdn.jsdelivr.net/npm/@mediapipe/tasks-vision@0.10.18/wasm/vision_wasm_internal.js:9
[   31875ms] [ERROR] INFO: Created TensorFlow Lite XNNPACK delegate for CPU. @ https://cdn.jsdelivr.net/npm/@mediapipe/tasks-vision@0.10.18/wasm/vision_wasm_internal.js:9
[   31893ms] [WARNING] W0808 20:19:01.327000 1905760 inference_feedback_manager.cc:121] Feedback manager requires a model with a single signature inference. Disabling support for feedback tensors. @ https://cdn.jsdelivr.net/npm/@mediapipe/tasks-vision@0.10.18/wasm/vision_wasm_internal.js:9
[   31911ms] [WARNING] W0808 20:19:01.345000 1905760 inference_feedback_manager.cc:121] Feedback manager requires a model with a single signature inference. Disabling support for feedback tensors. @ https://cdn.jsdelivr.net/npm/@mediapipe/tasks-vision@0.10.18/wasm/vision_wasm_internal.js:9
[   31913ms] [WARNING] W0808 20:19:01.347000 1905760 inference_feedback_manager.cc:121] Feedback manager requires a model with a single signature inference. Disabling support for feedback tensors. @ https://cdn.jsdelivr.net/npm/@mediapipe/tasks-vision@0.10.18/wasm/vision_wasm_internal.js:9
[   31915ms] [WARNING] W0808 20:19:01.349000 1905760 inference_feedback_manager.cc:121] Feedback manager requires a model with a single signature inference. Disabling support for feedback tensors. @ https://cdn.jsdelivr.net/npm/@mediapipe/tasks-vision@0.10.18/wasm/vision_wasm_internal.js:9
[   31978ms] [WARNING] W0808 20:19:01.413000 1905760 landmark_projection_calculator.cc:189] Using NORM_RECT without IMAGE_DIMENSIONS is only supported for the square ROI. Provide IMAGE_DIMENSIONS or use PROJECTION_MATRIX. @ https://cdn.jsdelivr.net/npm/@mediapipe/tasks-vision@0.10.18/wasm/vision_wasm_internal.js:9
[   34861ms] [LOG] Graph finished closing successfully. @ https://cdn.jsdelivr.net/npm/@mediapipe/tasks-vision@0.10.18/wasm/vision_wasm_internal.js:9
[   34863ms] [LOG] I0808 20:19:04.297000 1905760 gl_context_webgl.cc:140] Successfully destroyed WebGL context with handle 1 @ https://cdn.jsdelivr.net/npm/@mediapipe/tasks-vision@0.10.18/wasm/vision_wasm_internal.js:9
[   35031ms] [LOG] I0808 20:19:04.465000 1905760 hand_gesture_recognizer_graph.cc:257] Custom gesture classifier is not defined. @ https://cdn.jsdelivr.net/npm/@mediapipe/tasks-vision@0.10.18/wasm/vision_wasm_internal.js:9
[   35054ms] [LOG] I0808 20:19:04.488000 1905760 gl_context.cc:374] GL version: 3.0 (OpenGL ES 3.0 (WebGL 2.0 (OpenGL ES 3.0 Chromium))), renderer: WebKit WebGL @ https://cdn.jsdelivr.net/npm/@mediapipe/tasks-vision@0.10.18/wasm/vision_wasm_internal.js:9
[   35054ms] [WARNING] W0808 20:19:04.488000 1905760 gl_context.cc:1060] OpenGL error checking is disabled @ https://cdn.jsdelivr.net/npm/@mediapipe/tasks-vision@0.10.18/wasm/vision_wasm_internal.js:9
[   35054ms] [LOG] Graph successfully started running. @ https://cdn.jsdelivr.net/npm/@mediapipe/tasks-vision@0.10.18/wasm/vision_wasm_internal.js:9
[   35058ms] [ERROR] INFO: Created TensorFlow Lite XNNPACK delegate for CPU. @ https://cdn.jsdelivr.net/npm/@mediapipe/tasks-vision@0.10.18/wasm/vision_wasm_internal.js:9
[   35064ms] [WARNING] W0808 20:19:04.498000 1905760 inference_feedback_manager.cc:121] Feedback manager requires a model with a single signature inference. Disabling support for feedback tensors. @ https://cdn.jsdelivr.net/npm/@mediapipe/tasks-vision@0.10.18/wasm/vision_wasm_internal.js:9
[   35078ms] [WARNING] W0808 20:19:04.512000 1905760 inference_feedback_manager.cc:121] Feedback manager requires a model with a single signature inference. Disabling support for feedback tensors. @ https://cdn.jsdelivr.net/npm/@mediapipe/tasks-vision@0.10.18/wasm/vision_wasm_internal.js:9
[   35079ms] [WARNING] W0808 20:19:04.513000 1905760 inference_feedback_manager.cc:121] Feedback manager requires a model with a single signature inference. Disabling support for feedback tensors. @ https://cdn.jsdelivr.net/npm/@mediapipe/tasks-vision@0.10.18/wasm/vision_wasm_internal.js:9
[   35079ms] [WARNING] W0808 20:19:04.513000 1905760 inference_feedback_manager.cc:121] Feedback manager requires a model with a single signature inference. Disabling support for feedback tensors. @ https://cdn.jsdelivr.net/npm/@mediapipe/tasks-vision@0.10.18/wasm/vision_wasm_internal.js:9
[   35116ms] [WARNING] W0808 20:19:04.550000 1905760 landmark_projection_calculator.cc:189] Using NORM_RECT without IMAGE_DIMENSIONS is only supported for the square ROI. Provide IMAGE_DIMENSIONS or use PROJECTION_MATRIX. @ https://cdn.jsdelivr.net/npm/@mediapipe/tasks-vision@0.10.18/wasm/vision_wasm_internal.js:9
[   40737ms] [LOG] Graph finished closing successfully. @ https://cdn.jsdelivr.net/npm/@mediapipe/tasks-vision@0.10.18/wasm/vision_wasm_internal.js:9
[   40738ms] [LOG] I0808 20:19:10.172000 1905760 gl_context_webgl.cc:140] Successfully destroyed WebGL context with handle 1 @ https://cdn.jsdelivr.net/npm/@mediapipe/tasks-vision@0.10.18/wasm/vision_wasm_internal.js:9
[   41859ms] [LOG] I0808 20:19:11.293000 1905760 hand_gesture_recognizer_graph.cc:257] Custom gesture classifier is not defined. @ https://cdn.jsdelivr.net/npm/@mediapipe/tasks-vision@0.10.18/wasm/vision_wasm_internal.js:9
[   41894ms] [LOG] I0808 20:19:11.328000 1905760 gl_context.cc:374] GL version: 3.0 (OpenGL ES 3.0 (WebGL 2.0 (OpenGL ES 3.0 Chromium))), renderer: WebKit WebGL @ https://cdn.jsdelivr.net/npm/@mediapipe/tasks-vision@0.10.18/wasm/vision_wasm_internal.js:9
[   41895ms] [WARNING] W0808 20:19:11.329000 1905760 gl_context.cc:1060] OpenGL error checking is disabled @ https://cdn.jsdelivr.net/npm/@mediapipe/tasks-vision@0.10.18/wasm/vision_wasm_internal.js:9
[   41896ms] [LOG] Graph successfully started running. @ https://cdn.jsdelivr.net/npm/@mediapipe/tasks-vision@0.10.18/wasm/vision_wasm_internal.js:9
[   41905ms] [ERROR] INFO: Created TensorFlow Lite XNNPACK delegate for CPU. @ https://cdn.jsdelivr.net/npm/@mediapipe/tasks-vision@0.10.18/wasm/vision_wasm_internal.js:9
[   41925ms] [WARNING] W0808 20:19:11.360000 1905760 inference_feedback_manager.cc:121] Feedback manager requires a model with a single signature inference. Disabling support for feedback tensors. @ https://cdn.jsdelivr.net/npm/@mediapipe/tasks-vision@0.10.18/wasm/vision_wasm_internal.js:9
[   41944ms] [WARNING] W0808 20:19:11.379000 1905760 inference_feedback_manager.cc:121] Feedback manager requires a model with a single signature inference. Disabling support for feedback tensors. @ https://cdn.jsdelivr.net/npm/@mediapipe/tasks-vision@0.10.18/wasm/vision_wasm_internal.js:9
[   41946ms] [WARNING] W0808 20:19:11.381000 1905760 inference_feedback_manager.cc:121] Feedback manager requires a model with a single signature inference. Disabling support for feedback tensors. @ https://cdn.jsdelivr.net/npm/@mediapipe/tasks-vision@0.10.18/wasm/vision_wasm_internal.js:9
[   41947ms] [WARNING] W0808 20:19:11.382000 1905760 inference_feedback_manager.cc:121] Feedback manager requires a model with a single signature inference. Disabling support for feedback tensors. @ https://cdn.jsdelivr.net/npm/@mediapipe/tasks-vision@0.10.18/wasm/vision_wasm_internal.js:9
[   42037ms] [WARNING] W0808 20:19:11.471000 1905760 landmark_projection_calculator.cc:189] Using NORM_RECT without IMAGE_DIMENSIONS is only supported for the square ROI. Provide IMAGE_DIMENSIONS or use PROJECTION_MATRIX. @ https://cdn.jsdelivr.net/npm/@mediapipe/tasks-vision@0.10.18/wasm/vision_wasm_internal.js:9
[   57719ms] [LOG] Graph finished closing successfully. @ https://cdn.jsdelivr.net/npm/@mediapipe/tasks-vision@0.10.18/wasm/vision_wasm_internal.js:9
[   57721ms] [LOG] I0808 20:19:27.155000 1905760 gl_context_webgl.cc:140] Successfully destroyed WebGL context with handle 1 @ https://cdn.jsdelivr.net/npm/@mediapipe/tasks-vision@0.10.18/wasm/vision_wasm_internal.js:9
[   58981ms] [LOG] I0808 20:19:28.415000 1905760 hand_gesture_recognizer_graph.cc:257] Custom gesture classifier is not defined. @ https://cdn.jsdelivr.net/npm/@mediapipe/tasks-vision@0.10.18/wasm/vision_wasm_internal.js:9
[   59008ms] [LOG] I0808 20:19:28.442000 1905760 gl_context.cc:374] GL version: 3.0 (OpenGL ES 3.0 (WebGL 2.0 (OpenGL ES 3.0 Chromium))), renderer: WebKit WebGL @ https://cdn.jsdelivr.net/npm/@mediapipe/tasks-vision@0.10.18/wasm/vision_wasm_internal.js:9
[   59008ms] [WARNING] W0808 20:19:28.443000 1905760 gl_context.cc:1060] OpenGL error checking is disabled @ https://cdn.jsdelivr.net/npm/@mediapipe/tasks-vision@0.10.18/wasm/vision_wasm_internal.js:9
[   59009ms] [LOG] Graph successfully started running. @ https://cdn.jsdelivr.net/npm/@mediapipe/tasks-vision@0.10.18/wasm/vision_wasm_internal.js:9
[   59017ms] [ERROR] INFO: Created TensorFlow Lite XNNPACK delegate for CPU. @ https://cdn.jsdelivr.net/npm/@mediapipe/tasks-vision@0.10.18/wasm/vision_wasm_internal.js:9
[   59025ms] [WARNING] W0808 20:19:28.459000 1905760 inference_feedback_manager.cc:121] Feedback manager requires a model with a single signature inference. Disabling support for feedback tensors. @ https://cdn.jsdelivr.net/npm/@mediapipe/tasks-vision@0.10.18/wasm/vision_wasm_internal.js:9
[   59040ms] [WARNING] W0808 20:19:28.474000 1905760 inference_feedback_manager.cc:121] Feedback manager requires a model with a single signature inference. Disabling support for feedback tensors. @ https://cdn.jsdelivr.net/npm/@mediapipe/tasks-vision@0.10.18/wasm/vision_wasm_internal.js:9
[   59041ms] [WARNING] W0808 20:19:28.475000 1905760 inference_feedback_manager.cc:121] Feedback manager requires a model with a single signature inference. Disabling support for feedback tensors. @ https://cdn.jsdelivr.net/npm/@mediapipe/tasks-vision@0.10.18/wasm/vision_wasm_internal.js:9
[   59041ms] [WARNING] W0808 20:19:28.476000 1905760 inference_feedback_manager.cc:121] Feedback manager requires a model with a single signature inference. Disabling support for feedback tensors. @ https://cdn.jsdelivr.net/npm/@mediapipe/tasks-vision@0.10.18/wasm/vision_wasm_internal.js:9
[   59101ms] [WARNING] W0808 20:19:28.535000 1905760 landmark_projection_calculator.cc:189] Using NORM_RECT without IMAGE_DIMENSIONS is only supported for the square ROI. Provide IMAGE_DIMENSIONS or use PROJECTION_MATRIX. @ https://cdn.jsdelivr.net/npm/@mediapipe/tasks-vision@0.10.18/wasm/vision_wasm_internal.js:9
