[     144ms] [INFO] %cDownload the React DevTools for a better development experience: https://reactjs.org/link/react-devtools font-weight:bold @ http://127.0.0.1:5182/node_modules/.vite/deps/chunk-NGODP64W.js?v=0224a641:21550
[  578586ms] [INFO] %cDownload the React DevTools for a better development experience: https://reactjs.org/link/react-devtools font-weight:bold @ http://127.0.0.1:5182/node_modules/.vite/deps/chunk-NGODP64W.js?v=0224a641:21550
[  581953ms] [LOG] I0809 03:40:09.353000 1905760 hand_gesture_recognizer_graph.cc:257] Custom gesture classifier is not defined. @ https://cdn.jsdelivr.net/npm/@mediapipe/tasks-vision@0.10.18/wasm/vision_wasm_internal.js:9
[  582003ms] [LOG] I0809 03:40:09.405000 1905760 gl_context.cc:374] GL version: 3.0 (OpenGL ES 3.0 (WebGL 2.0 (OpenGL ES 3.0 Chromium))), renderer: WebKit WebGL @ https://cdn.jsdelivr.net/npm/@mediapipe/tasks-vision@0.10.18/wasm/vision_wasm_internal.js:9
[  582003ms] [WARNING] W0809 03:40:09.406000 1905760 gl_context.cc:1060] OpenGL error checking is disabled @ https://cdn.jsdelivr.net/npm/@mediapipe/tasks-vision@0.10.18/wasm/vision_wasm_internal.js:9
[  582006ms] [LOG] Graph successfully started running. @ https://cdn.jsdelivr.net/npm/@mediapipe/tasks-vision@0.10.18/wasm/vision_wasm_internal.js:9
[  582040ms] [ERROR] INFO: Created TensorFlow Lite XNNPACK delegate for CPU. @ https://cdn.jsdelivr.net/npm/@mediapipe/tasks-vision@0.10.18/wasm/vision_wasm_internal.js:9
[  582070ms] [WARNING] W0809 03:40:09.473000 1905760 inference_feedback_manager.cc:121] Feedback manager requires a model with a single signature inference. Disabling support for feedback tensors. @ https://cdn.jsdelivr.net/npm/@mediapipe/tasks-vision@0.10.18/wasm/vision_wasm_internal.js:9
[  582098ms] [WARNING] W0809 03:40:09.500000 1905760 inference_feedback_manager.cc:121] Feedback manager requires a model with a single signature inference. Disabling support for feedback tensors. @ https://cdn.jsdelivr.net/npm/@mediapipe/tasks-vision@0.10.18/wasm/vision_wasm_internal.js:9
[  582101ms] [WARNING] W0809 03:40:09.503000 1905760 inference_feedback_manager.cc:121] Feedback manager requires a model with a single signature inference. Disabling support for feedback tensors. @ https://cdn.jsdelivr.net/npm/@mediapipe/tasks-vision@0.10.18/wasm/vision_wasm_internal.js:9
[  582102ms] [WARNING] W0809 03:40:09.504000 1905760 inference_feedback_manager.cc:121] Feedback manager requires a model with a single signature inference. Disabling support for feedback tensors. @ https://cdn.jsdelivr.net/npm/@mediapipe/tasks-vision@0.10.18/wasm/vision_wasm_internal.js:9
[  582178ms] [WARNING] W0809 03:40:09.580000 1905760 landmark_projection_calculator.cc:189] Using NORM_RECT without IMAGE_DIMENSIONS is only supported for the square ROI. Provide IMAGE_DIMENSIONS or use PROJECTION_MATRIX. @ https://cdn.jsdelivr.net/npm/@mediapipe/tasks-vision@0.10.18/wasm/vision_wasm_internal.js:9
[  663620ms] [LOG] [vite] server connection lost. Polling for restart... @ http://127.0.0.1:5182/@vite/client:559
[  663727ms] [ERROR] Failed to load resource: net::ERR_NETWORK_IO_SUSPENDED @ http://127.0.0.1:5182/:0
[  723007ms] [ERROR] Failed to load resource: net::ERR_NETWORK_IO_SUSPENDED @ http://127.0.0.1:5182/:0
[  724152ms] [INFO] %cDownload the React DevTools for a better development experience: https://reactjs.org/link/react-devtools font-weight:bold @ http://127.0.0.1:5182/node_modules/.vite/deps/chunk-NGODP64W.js?v=0224a641:21550
[  725977ms] [LOG] I0809 03:42:33.380000 1905760 hand_gesture_recognizer_graph.cc:257] Custom gesture classifier is not defined. @ https://cdn.jsdelivr.net/npm/@mediapipe/tasks-vision@0.10.18/wasm/vision_wasm_internal.js:9
[  726036ms] [LOG] I0809 03:42:33.439000 1905760 gl_context.cc:374] GL version: 3.0 (OpenGL ES 3.0 (WebGL 2.0 (OpenGL ES 3.0 Chromium))), renderer: WebKit WebGL @ https://cdn.jsdelivr.net/npm/@mediapipe/tasks-vision@0.10.18/wasm/vision_wasm_internal.js:9
[  726037ms] [WARNING] W0809 03:42:33.440000 1905760 gl_context.cc:1060] OpenGL error checking is disabled @ https://cdn.jsdelivr.net/npm/@mediapipe/tasks-vision@0.10.18/wasm/vision_wasm_internal.js:9
[  726038ms] [LOG] Graph successfully started running. @ https://cdn.jsdelivr.net/npm/@mediapipe/tasks-vision@0.10.18/wasm/vision_wasm_internal.js:9
[  726073ms] [ERROR] INFO: Created TensorFlow Lite XNNPACK delegate for CPU. @ https://cdn.jsdelivr.net/npm/@mediapipe/tasks-vision@0.10.18/wasm/vision_wasm_internal.js:9
[  726114ms] [WARNING] W0809 03:42:33.516000 1905760 inference_feedback_manager.cc:121] Feedback manager requires a model with a single signature inference. Disabling support for feedback tensors. @ https://cdn.jsdelivr.net/npm/@mediapipe/tasks-vision@0.10.18/wasm/vision_wasm_internal.js:9
[  726152ms] [WARNING] W0809 03:42:33.554000 1905760 inference_feedback_manager.cc:121] Feedback manager requires a model with a single signature inference. Disabling support for feedback tensors. @ https://cdn.jsdelivr.net/npm/@mediapipe/tasks-vision@0.10.18/wasm/vision_wasm_internal.js:9
[  726153ms] [WARNING] W0809 03:42:33.556000 1905760 inference_feedback_manager.cc:121] Feedback manager requires a model with a single signature inference. Disabling support for feedback tensors. @ https://cdn.jsdelivr.net/npm/@mediapipe/tasks-vision@0.10.18/wasm/vision_wasm_internal.js:9
[  726153ms] [WARNING] W0809 03:42:33.556000 1905760 inference_feedback_manager.cc:121] Feedback manager requires a model with a single signature inference. Disabling support for feedback tensors. @ https://cdn.jsdelivr.net/npm/@mediapipe/tasks-vision@0.10.18/wasm/vision_wasm_internal.js:9
[  726240ms] [WARNING] W0809 03:42:33.643000 1905760 landmark_projection_calculator.cc:189] Using NORM_RECT without IMAGE_DIMENSIONS is only supported for the square ROI. Provide IMAGE_DIMENSIONS or use PROJECTION_MATRIX. @ https://cdn.jsdelivr.net/npm/@mediapipe/tasks-vision@0.10.18/wasm/vision_wasm_internal.js:9
[ 3068974ms] [LOG] [vite] server connection lost. Polling for restart... @ http://127.0.0.1:5182/@vite/client:559
[ 3069046ms] [ERROR] Failed to load resource: net::ERR_NETWORK_IO_SUSPENDED @ http://127.0.0.1:5182/:0
[ 5260120ms] [INFO] %cDownload the React DevTools for a better development experience: https://reactjs.org/link/react-devtools font-weight:bold @ http://127.0.0.1:5182/node_modules/.vite/deps/chunk-NGODP64W.js?v=0224a641:21550
[ 5262696ms] [LOG] I0809 04:58:10.097000 1905760 hand_gesture_recognizer_graph.cc:257] Custom gesture classifier is not defined. @ https://cdn.jsdelivr.net/npm/@mediapipe/tasks-vision@0.10.18/wasm/vision_wasm_internal.js:9
[ 5262801ms] [LOG] I0809 04:58:10.202000 1905760 gl_context.cc:374] GL version: 3.0 (OpenGL ES 3.0 (WebGL 2.0 (OpenGL ES 3.0 Chromium))), renderer: WebKit WebGL @ https://cdn.jsdelivr.net/npm/@mediapipe/tasks-vision@0.10.18/wasm/vision_wasm_internal.js:9
[ 5262802ms] [WARNING] W0809 04:58:10.205000 1905760 gl_context.cc:1060] OpenGL error checking is disabled @ https://cdn.jsdelivr.net/npm/@mediapipe/tasks-vision@0.10.18/wasm/vision_wasm_internal.js:9
[ 5262825ms] [LOG] Graph successfully started running. @ https://cdn.jsdelivr.net/npm/@mediapipe/tasks-vision@0.10.18/wasm/vision_wasm_internal.js:9
[ 5262919ms] [ERROR] INFO: Created TensorFlow Lite XNNPACK delegate for CPU. @ https://cdn.jsdelivr.net/npm/@mediapipe/tasks-vision@0.10.18/wasm/vision_wasm_internal.js:9
[ 5263040ms] [WARNING] W0809 04:58:10.442000 1905760 inference_feedback_manager.cc:121] Feedback manager requires a model with a single signature inference. Disabling support for feedback tensors. @ https://cdn.jsdelivr.net/npm/@mediapipe/tasks-vision@0.10.18/wasm/vision_wasm_internal.js:9
[ 5263326ms] [WARNING] W0809 04:58:10.728000 1905760 inference_feedback_manager.cc:121] Feedback manager requires a model with a single signature inference. Disabling support for feedback tensors. @ https://cdn.jsdelivr.net/npm/@mediapipe/tasks-vision@0.10.18/wasm/vision_wasm_internal.js:9
[ 5263378ms] [WARNING] W0809 04:58:10.781000 1905760 inference_feedback_manager.cc:121] Feedback manager requires a model with a single signature inference. Disabling support for feedback tensors. @ https://cdn.jsdelivr.net/npm/@mediapipe/tasks-vision@0.10.18/wasm/vision_wasm_internal.js:9
[ 5263379ms] [WARNING] W0809 04:58:10.781000 1905760 inference_feedback_manager.cc:121] Feedback manager requires a model with a single signature inference. Disabling support for feedback tensors. @ https://cdn.jsdelivr.net/npm/@mediapipe/tasks-vision@0.10.18/wasm/vision_wasm_internal.js:9
[ 5263906ms] [WARNING] W0809 04:58:11.308000 1905760 landmark_projection_calculator.cc:189] Using NORM_RECT without IMAGE_DIMENSIONS is only supported for the square ROI. Provide IMAGE_DIMENSIONS or use PROJECTION_MATRIX. @ https://cdn.jsdelivr.net/npm/@mediapipe/tasks-vision@0.10.18/wasm/vision_wasm_internal.js:9
[ 5310949ms] [INFO] %cDownload the React DevTools for a better development experience: https://reactjs.org/link/react-devtools font-weight:bold @ http://127.0.0.1:5182/node_modules/.vite/deps/chunk-NGODP64W.js?v=0224a641:21550
[ 5312519ms] [LOG] I0809 04:58:59.921000 1905760 hand_gesture_recognizer_graph.cc:257] Custom gesture classifier is not defined. @ https://cdn.jsdelivr.net/npm/@mediapipe/tasks-vision@0.10.18/wasm/vision_wasm_internal.js:9
[ 5312542ms] [LOG] I0809 04:58:59.944000 1905760 gl_context.cc:374] GL version: 3.0 (OpenGL ES 3.0 (WebGL 2.0 (OpenGL ES 3.0 Chromium))), renderer: WebKit WebGL @ https://cdn.jsdelivr.net/npm/@mediapipe/tasks-vision@0.10.18/wasm/vision_wasm_internal.js:9
[ 5312542ms] [WARNING] W0809 04:58:59.944000 1905760 gl_context.cc:1060] OpenGL error checking is disabled @ https://cdn.jsdelivr.net/npm/@mediapipe/tasks-vision@0.10.18/wasm/vision_wasm_internal.js:9
[ 5312542ms] [LOG] Graph successfully started running. @ https://cdn.jsdelivr.net/npm/@mediapipe/tasks-vision@0.10.18/wasm/vision_wasm_internal.js:9
[ 5312549ms] [ERROR] INFO: Created TensorFlow Lite XNNPACK delegate for CPU. @ https://cdn.jsdelivr.net/npm/@mediapipe/tasks-vision@0.10.18/wasm/vision_wasm_internal.js:9
[ 5312554ms] [WARNING] W0809 04:58:59.957000 1905760 inference_feedback_manager.cc:121] Feedback manager requires a model with a single signature inference. Disabling support for feedback tensors. @ https://cdn.jsdelivr.net/npm/@mediapipe/tasks-vision@0.10.18/wasm/vision_wasm_internal.js:9
[ 5312567ms] [WARNING] W0809 04:58:59.969000 1905760 inference_feedback_manager.cc:121] Feedback manager requires a model with a single signature inference. Disabling support for feedback tensors. @ https://cdn.jsdelivr.net/npm/@mediapipe/tasks-vision@0.10.18/wasm/vision_wasm_internal.js:9
[ 5312567ms] [WARNING] W0809 04:58:59.970000 1905760 inference_feedback_manager.cc:121] Feedback manager requires a model with a single signature inference. Disabling support for feedback tensors. @ https://cdn.jsdelivr.net/npm/@mediapipe/tasks-vision@0.10.18/wasm/vision_wasm_internal.js:9
[ 5312568ms] [WARNING] W0809 04:58:59.970000 1905760 inference_feedback_manager.cc:121] Feedback manager requires a model with a single signature inference. Disabling support for feedback tensors. @ https://cdn.jsdelivr.net/npm/@mediapipe/tasks-vision@0.10.18/wasm/vision_wasm_internal.js:9
[ 5312603ms] [WARNING] W0809 04:59:00.005000 1905760 landmark_projection_calculator.cc:189] Using NORM_RECT without IMAGE_DIMENSIONS is only supported for the square ROI. Provide IMAGE_DIMENSIONS or use PROJECTION_MATRIX. @ https://cdn.jsdelivr.net/npm/@mediapipe/tasks-vision@0.10.18/wasm/vision_wasm_internal.js:9
[ 8676469ms] [INFO] %cDownload the React DevTools for a better development experience: https://reactjs.org/link/react-devtools font-weight:bold @ http://127.0.0.1:5182/node_modules/.vite/deps/chunk-NGODP64W.js?v=0224a641:21550
[ 8678036ms] [LOG] I0809 05:55:05.438000 1905760 hand_gesture_recognizer_graph.cc:257] Custom gesture classifier is not defined. @ https://cdn.jsdelivr.net/npm/@mediapipe/tasks-vision@0.10.18/wasm/vision_wasm_internal.js:9
[ 8678073ms] [LOG] I0809 05:55:05.474000 1905760 gl_context.cc:374] GL version: 3.0 (OpenGL ES 3.0 (WebGL 2.0 (OpenGL ES 3.0 Chromium))), renderer: WebKit WebGL @ https://cdn.jsdelivr.net/npm/@mediapipe/tasks-vision@0.10.18/wasm/vision_wasm_internal.js:9
[ 8678073ms] [WARNING] W0809 05:55:05.475000 1905760 gl_context.cc:1060] OpenGL error checking is disabled @ https://cdn.jsdelivr.net/npm/@mediapipe/tasks-vision@0.10.18/wasm/vision_wasm_internal.js:9
[ 8678075ms] [LOG] Graph successfully started running. @ https://cdn.jsdelivr.net/npm/@mediapipe/tasks-vision@0.10.18/wasm/vision_wasm_internal.js:9
[ 8678091ms] [ERROR] INFO: Created TensorFlow Lite XNNPACK delegate for CPU. @ https://cdn.jsdelivr.net/npm/@mediapipe/tasks-vision@0.10.18/wasm/vision_wasm_internal.js:9
[ 8678114ms] [WARNING] W0809 05:55:05.516000 1905760 inference_feedback_manager.cc:121] Feedback manager requires a model with a single signature inference. Disabling support for feedback tensors. @ https://cdn.jsdelivr.net/npm/@mediapipe/tasks-vision@0.10.18/wasm/vision_wasm_internal.js:9
[ 8678133ms] [WARNING] W0809 05:55:05.535000 1905760 inference_feedback_manager.cc:121] Feedback manager requires a model with a single signature inference. Disabling support for feedback tensors. @ https://cdn.jsdelivr.net/npm/@mediapipe/tasks-vision@0.10.18/wasm/vision_wasm_internal.js:9
[ 8678137ms] [WARNING] W0809 05:55:05.539000 1905760 inference_feedback_manager.cc:121] Feedback manager requires a model with a single signature inference. Disabling support for feedback tensors. @ https://cdn.jsdelivr.net/npm/@mediapipe/tasks-vision@0.10.18/wasm/vision_wasm_internal.js:9
[ 8678137ms] [WARNING] W0809 05:55:05.540000 1905760 inference_feedback_manager.cc:121] Feedback manager requires a model with a single signature inference. Disabling support for feedback tensors. @ https://cdn.jsdelivr.net/npm/@mediapipe/tasks-vision@0.10.18/wasm/vision_wasm_internal.js:9
[ 8678198ms] [WARNING] W0809 05:55:05.601000 1905760 landmark_projection_calculator.cc:189] Using NORM_RECT without IMAGE_DIMENSIONS is only supported for the square ROI. Provide IMAGE_DIMENSIONS or use PROJECTION_MATRIX. @ https://cdn.jsdelivr.net/npm/@mediapipe/tasks-vision@0.10.18/wasm/vision_wasm_internal.js:9
