[     102ms] [INFO] %cDownload the React DevTools for a better development experience: https://reactjs.org/link/react-devtools font-weight:bold @ http://127.0.0.1:5190/node_modules/.vite/deps/chunk-NGODP64W.js?v=0224a641:21550
[     701ms] [ERROR] Failed to load resource: the server responded with a status of 404 (Not Found) @ http://127.0.0.1:5190/favicon.ico:0
[   11049ms] [LOG] I0809 06:16:22.515000 1905760 hand_gesture_recognizer_graph.cc:257] Custom gesture classifier is not defined. @ https://cdn.jsdelivr.net/npm/@mediapipe/tasks-vision@0.10.18/wasm/vision_wasm_internal.js:9
[   11084ms] [LOG] I0809 06:16:22.551000 1905760 gl_context.cc:374] GL version: 3.0 (OpenGL ES 3.0 (WebGL 2.0 (OpenGL ES 3.0 Chromium))), renderer: WebKit WebGL @ https://cdn.jsdelivr.net/npm/@mediapipe/tasks-vision@0.10.18/wasm/vision_wasm_internal.js:9
[   11085ms] [WARNING] W0809 06:16:22.552000 1905760 gl_context.cc:1060] OpenGL error checking is disabled @ https://cdn.jsdelivr.net/npm/@mediapipe/tasks-vision@0.10.18/wasm/vision_wasm_internal.js:9
[   11087ms] [LOG] Graph successfully started running. @ https://cdn.jsdelivr.net/npm/@mediapipe/tasks-vision@0.10.18/wasm/vision_wasm_internal.js:9
[   11105ms] [ERROR] INFO: Created TensorFlow Lite XNNPACK delegate for CPU. @ https://cdn.jsdelivr.net/npm/@mediapipe/tasks-vision@0.10.18/wasm/vision_wasm_internal.js:9
[   11125ms] [WARNING] W0809 06:16:22.592000 1905760 inference_feedback_manager.cc:121] Feedback manager requires a model with a single signature inference. Disabling support for feedback tensors. @ https://cdn.jsdelivr.net/npm/@mediapipe/tasks-vision@0.10.18/wasm/vision_wasm_internal.js:9
[   11144ms] [WARNING] W0809 06:16:22.611000 1905760 inference_feedback_manager.cc:121] Feedback manager requires a model with a single signature inference. Disabling support for feedback tensors. @ https://cdn.jsdelivr.net/npm/@mediapipe/tasks-vision@0.10.18/wasm/vision_wasm_internal.js:9
[   11147ms] [WARNING] W0809 06:16:22.614000 1905760 inference_feedback_manager.cc:121] Feedback manager requires a model with a single signature inference. Disabling support for feedback tensors. @ https://cdn.jsdelivr.net/npm/@mediapipe/tasks-vision@0.10.18/wasm/vision_wasm_internal.js:9
[   11147ms] [WARNING] W0809 06:16:22.615000 1905760 inference_feedback_manager.cc:121] Feedback manager requires a model with a single signature inference. Disabling support for feedback tensors. @ https://cdn.jsdelivr.net/npm/@mediapipe/tasks-vision@0.10.18/wasm/vision_wasm_internal.js:9
[   11207ms] [WARNING] W0809 06:16:22.674000 1905760 landmark_projection_calculator.cc:189] Using NORM_RECT without IMAGE_DIMENSIONS is only supported for the square ROI. Provide IMAGE_DIMENSIONS or use PROJECTION_MATRIX. @ https://cdn.jsdelivr.net/npm/@mediapipe/tasks-vision@0.10.18/wasm/vision_wasm_internal.js:9
[   13646ms] [INFO] %cDownload the React DevTools for a better development experience: https://reactjs.org/link/react-devtools font-weight:bold @ http://127.0.0.1:5190/node_modules/.vite/deps/chunk-NGODP64W.js?v=0224a641:21550
[   15086ms] [LOG] I0809 06:16:26.553000 1905760 hand_gesture_recognizer_graph.cc:257] Custom gesture classifier is not defined. @ https://cdn.jsdelivr.net/npm/@mediapipe/tasks-vision@0.10.18/wasm/vision_wasm_internal.js:9
[   15107ms] [LOG] I0809 06:16:26.575000 1905760 gl_context.cc:374] GL version: 3.0 (OpenGL ES 3.0 (WebGL 2.0 (OpenGL ES 3.0 Chromium))), renderer: WebKit WebGL @ https://cdn.jsdelivr.net/npm/@mediapipe/tasks-vision@0.10.18/wasm/vision_wasm_internal.js:9
[   15108ms] [WARNING] W0809 06:16:26.575000 1905760 gl_context.cc:1060] OpenGL error checking is disabled @ https://cdn.jsdelivr.net/npm/@mediapipe/tasks-vision@0.10.18/wasm/vision_wasm_internal.js:9
[   15108ms] [LOG] Graph successfully started running. @ https://cdn.jsdelivr.net/npm/@mediapipe/tasks-vision@0.10.18/wasm/vision_wasm_internal.js:9
[   15112ms] [ERROR] INFO: Created TensorFlow Lite XNNPACK delegate for CPU. @ https://cdn.jsdelivr.net/npm/@mediapipe/tasks-vision@0.10.18/wasm/vision_wasm_internal.js:9
[   15119ms] [WARNING] W0809 06:16:26.586000 1905760 inference_feedback_manager.cc:121] Feedback manager requires a model with a single signature inference. Disabling support for feedback tensors. @ https://cdn.jsdelivr.net/npm/@mediapipe/tasks-vision@0.10.18/wasm/vision_wasm_internal.js:9
[   15133ms] [WARNING] W0809 06:16:26.601000 1905760 inference_feedback_manager.cc:121] Feedback manager requires a model with a single signature inference. Disabling support for feedback tensors. @ https://cdn.jsdelivr.net/npm/@mediapipe/tasks-vision@0.10.18/wasm/vision_wasm_internal.js:9
[   15134ms] [WARNING] W0809 06:16:26.602000 1905760 inference_feedback_manager.cc:121] Feedback manager requires a model with a single signature inference. Disabling support for feedback tensors. @ https://cdn.jsdelivr.net/npm/@mediapipe/tasks-vision@0.10.18/wasm/vision_wasm_internal.js:9
[   15134ms] [WARNING] W0809 06:16:26.602000 1905760 inference_feedback_manager.cc:121] Feedback manager requires a model with a single signature inference. Disabling support for feedback tensors. @ https://cdn.jsdelivr.net/npm/@mediapipe/tasks-vision@0.10.18/wasm/vision_wasm_internal.js:9
[   15170ms] [WARNING] W0809 06:16:26.638000 1905760 landmark_projection_calculator.cc:189] Using NORM_RECT without IMAGE_DIMENSIONS is only supported for the square ROI. Provide IMAGE_DIMENSIONS or use PROJECTION_MATRIX. @ https://cdn.jsdelivr.net/npm/@mediapipe/tasks-vision@0.10.18/wasm/vision_wasm_internal.js:9
